ATLAS Dashboard                         ⚠ Reconnecting…                         
10:00:00 [INFO ] Starting task execution
10:00:01 [DEBUG] Loading configuration
10:00:02 [INFO ] Running validation step
10:00:03 [WARN ] Slow network response
10:00:04 [ERROR] Timeout on external call















p pause  x abandon  ? help  q quit                                              