









Cannot connect to Atlas daemon: connection refused
                                                  
Run: atlas daemon start                           
                                                  
Press q to quit.                                  
                                        
                           Press q or Ctrl+C to exit
